Case #1: 0000
Case #2: 0010
Case #3: 0001
Case #4: 0000
Case #5: 0243
Case #6: 0072
Case #7: 0012
Case #8: 0000
Case #9: 0004
Case #10: 0004
Case #11: 0135
Case #12: 0012
Case #13: 0000
Case #14: 0768
Case #15: 0024
Case #16: 0000
Case #17: 0096
Case #18: 0000
Case #19: 0002
Case #20: 0256
Case #21: 0032
Case #22: 0015
Case #23: 0032
Case #24: 0000
Case #25: 0048
Case #26: 0008
Case #27: 0000
Case #28: 0008
Case #29: 0004
Case #30: 0064
Case #31: 0000
Case #32: 0000
Case #33: 0002
Case #34: 0000
Case #35: 0001
Case #36: 0002
Case #37: 0001
Case #38: 0000
Case #39: 0016
Case #40: 0000
Case #41: 0008
Case #42: 0180
Case #43: 0001
Case #44: 0002
Case #45: 0012
Case #46: 0000
Case #47: 0016
Case #48: 0320
Case #49: 0000
Case #50: 0020
Case #51: 0001
Case #52: 0008
Case #53: 0020
Case #54: 0032
Case #55: 0000
Case #56: 0016
Case #57: 0008
Case #58: 0001
Case #59: 0000
Case #60: 0032
Case #61: 0000
Case #62: 0006
Case #63: 0096
Case #64: 0000
Case #65: 0000
Case #66: 0000
Case #67: 0000
Case #68: 0012
Case #69: 0096
Case #70: 0001
Case #71: 0000
Case #72: 0002
Case #73: 0001
Case #74: 0004
Case #75: 0002
Case #76: 0002
Case #77: 0001
Case #78: 0004
Case #79: 0000
Case #80: 0004
Case #81: 0012
Case #82: 0002
Case #83: 0080
Case #84: 0016
Case #85: 0021
Case #86: 0576
Case #87: 0024
Case #88: 0048
Case #89: 0000
Case #90: 0008
Case #91: 0016
Case #92: 0000
Case #93: 0016
Case #94: 0000
Case #95: 0001
Case #96: 0000
Case #97: 0000
Case #98: 0001
Case #99: 0008
Case #100: 0001
